// Jest Snapshot v1, https://goo.gl/fbAQLP

exports[`FormattedDate 1`] = `"Monday, January 2, 2006 3:04 PM"`;
